Component: ARM Compiler 5.06 update 6 (build 750) Tool: armlink [4d35ed]

==============================================================================

Section Cross References

    startup_lpc17xx.o(RESET) refers to startup_lpc17xx.o(STACK) for __initial_sp
    startup_lpc17xx.o(RESET) refers to startup_lpc17xx.o(.text) for Reset_Handler
    startup_lpc17xx.o(RESET) refers to irq.o(.text) for SysTick_Handler
    startup_lpc17xx.o(RESET) refers to usbdmain.o(.text) for TIMER0_IRQHandler
    startup_lpc17xx.o(RESET) refers to usbhw.o(.text) for USB_IRQHandler
    startup_lpc17xx.o(.text) refers to system_lpc17xx.o(.text) for SystemInit
    startup_lpc17xx.o(.text) refers to entry.o(.ARM.Collect$$$$00000000) for __main
    system_lpc17xx.o(.text) refers to uldiv.o(.text) for __aeabi_uldivmod
    system_lpc17xx.o(.text) refers to system_lpc17xx.o(.data) for SystemCoreClock
    glcd_spi_lpc1700.o(.text) refers to glcd_spi_lpc1700.o(.data) for Himax
    glcd_spi_lpc1700.o(.text) refers to glcd_spi_lpc1700.o(.constdata) for Font_6x8_h
    irq.o(.text) refers to irq.o(.data) for ticks
    blinky.o(.text) refers to poker.o(.text) for pokergame
    blinky.o(.text) refers to snake.o(.text) for snakegame
    blinky.o(.text) refers to glcd_spi_lpc1700.o(.text) for GLCD_Clear
    blinky.o(.text) refers to kbd.o(.text) for get_button
    blinky.o(.text) refers to usbdmain.o(.text) for audio_main
    blinky.o(.text) refers to blinky.o(.constdata) for TREE_pixel_data
    snake.o(.text) refers to rand.o(.text) for rand
    snake.o(.text) refers to glcd_spi_lpc1700.o(.text) for GLCD_DisplayChar
    snake.o(.text) refers to snake.o(.data) for foodX
    snake.o(.text) refers to snake.o(.bss) for snake
    snake.o(.text) refers to kbd.o(.text) for KBD_Init
    snake.o(.text) refers to printf6.o(i.__0sprintf$6) for __2sprintf
    poker.o(.text) refers to rand.o(.text) for srand
    poker.o(.text) refers to poker.o(.data) for seed_counter
    poker.o(.text) refers to glcd_spi_lpc1700.o(.text) for GLCD_DisplayString
    poker.o(.text) refers to printf6.o(i.__0sprintf$6) for __2sprintf
    poker.o(.text) refers to kbd.o(.text) for get_button
    poker.o(.text) refers to poker.o(.bss) for buffer
    poker.o(.data) refers to poker.o(.conststring) for .conststring
    usbuser.o(.text) refers to usbcore.o(.text) for USB_ResetCore
    usbuser.o(.text) refers to usbhw.o(.text) for USB_DMA_BufAdr
    usbuser.o(.text) refers to usbdmain.o(.data) for DataBuf
    usbuser.o(.constdata) refers to usbcore.o(.text) for USB_EndPoint0
    usbuser.o(.constdata) refers to usbuser.o(.text) for USB_EndPoint3
    adcuser.o(.text) refers to usbcore.o(.data) for SetupPacket
    adcuser.o(.text) refers to usbdmain.o(.data) for Mute
    adcuser.o(.text) refers to usbcore.o(.bss) for EP0Buf
    adcuser.o(.text) refers to adcuser.o(.data) for VolCur
    usbcore.o(.text) refers to usbhw.o(.text) for USB_ReadEP
    usbcore.o(.text) refers to usbcore.o(i.USB_ReqGetStatus) for USB_ReqGetStatus
    usbcore.o(.text) refers to usbcore.o(i.USB_ReqSetClrFeature) for USB_ReqSetClrFeature
    usbcore.o(.text) refers to usbcore.o(i.USB_ReqGetDescriptor) for USB_ReqGetDescriptor
    usbcore.o(.text) refers to usbcore.o(i.USB_ReqSetConfiguration) for USB_ReqSetConfiguration
    usbcore.o(.text) refers to usbcore.o(i.USB_ReqSetInterface) for USB_ReqSetInterface
    usbcore.o(.text) refers to adcuser.o(.text) for ADC_IF_GetRequest
    usbcore.o(.text) refers to usbcore.o(.data) for USB_DeviceStatus
    usbcore.o(.text) refers to usbcore.o(.bss) for EP0Buf
    usbdmain.o(.text) refers to kbd.o(.text) for get_button
    usbdmain.o(.text) refers to usbhw.o(.text) for USB_Connect
    usbdmain.o(.text) refers to glcd_spi_lpc1700.o(.text) for GLCD_Init
    usbdmain.o(.text) refers to system_lpc17xx.o(.text) for SystemClockUpdate
    usbdmain.o(.text) refers to usbdmain.o(.data) for PotVal
    usbdmain.o(.text) refers to adcuser.o(.data) for VolCur
    usbdmain.o(.text) refers to system_lpc17xx.o(.data) for SystemFrequency
    usbhw.o(.text) refers to usbhw.o(.data) for DDMemMap
    usbhw.o(.text) refers to usbhw.o(.bss) for udca
    usbhw.o(.text) refers to usbhw.o(USB_RAM) for UDCA
    usbhw.o(.text) refers to usbcore.o(.data) for USB_DeviceStatus
    usbhw.o(.text) refers to usbuser.o(.text) for USB_Reset_Event
    usbhw.o(.text) refers to usbhw.o(.constdata) for DDAdr
    usbhw.o(.text) refers to usbuser.o(.constdata) for USB_P_EP
    entry.o(.ARM.Collect$$$$00000000) refers (Special) to entry10a.o(.ARM.Collect$$$$0000000D) for __rt_final_cpp
    entry.o(.ARM.Collect$$$$00000000) refers (Special) to entry11a.o(.ARM.Collect$$$$0000000F) for __rt_final_exit
    entry.o(.ARM.Collect$$$$00000000) refers (Special) to entry7b.o(.ARM.Collect$$$$00000008) for _main_clock
    entry.o(.ARM.Collect$$$$00000000) refers (Special) to entry8b.o(.ARM.Collect$$$$0000000A) for _main_cpp_init
    entry.o(.ARM.Collect$$$$00000000) refers (Special) to entry9a.o(.ARM.Collect$$$$0000000B) for _main_init
    entry.o(.ARM.Collect$$$$00000000) refers (Special) to entry5.o(.ARM.Collect$$$$00000004) for _main_scatterload
    entry.o(.ARM.Collect$$$$00000000) refers (Special) to entry2.o(.ARM.Collect$$$$00000001) for _main_stk
    uldiv.o(.text) refers to llushr.o(.text) for __aeabi_llsr
    uldiv.o(.text) refers to llshl.o(.text) for __aeabi_llsl
    rand.o(.text) refers to rand.o(.data) for .data
    printfb.o(i.__0fprintf$bare) refers to printfb.o(i._printf_core) for _printf_core
    printfb.o(i.__0fprintf$bare) refers to fputc.o(i.fputc) for fputc
    printfb.o(i.__0printf$bare) refers to printfb.o(i._printf_core) for _printf_core
    printfb.o(i.__0printf$bare) refers to fputc.o(i.fputc) for fputc
    printfb.o(i.__0printf$bare) refers to stdout.o(.data) for __stdout
    printfb.o(i.__0snprintf$bare) refers to printfb.o(i._printf_core) for _printf_core
    printfb.o(i.__0snprintf$bare) refers to printfb.o(i._snputc) for _snputc
    printfb.o(i.__0sprintf$bare) refers to printfb.o(i._printf_core) for _printf_core
    printfb.o(i.__0sprintf$bare) refers to printfb.o(i._sputc) for _sputc
    printfb.o(i.__0vfprintf$bare) refers to printfb.o(i._printf_core) for _printf_core
    printfb.o(i.__0vfprintf$bare) refers to fputc.o(i.fputc) for fputc
    printfb.o(i.__0vprintf$bare) refers to printfb.o(i._printf_core) for _printf_core
    printfb.o(i.__0vprintf$bare) refers to fputc.o(i.fputc) for fputc
    printfb.o(i.__0vprintf$bare) refers to stdout.o(.data) for __stdout
    printfb.o(i.__0vsnprintf$bare) refers to printfb.o(i._printf_core) for _printf_core
    printfb.o(i.__0vsnprintf$bare) refers to printfb.o(i._snputc) for _snputc
    printfb.o(i.__0vsprintf$bare) refers to printfb.o(i._printf_core) for _printf_core
    printfb.o(i.__0vsprintf$bare) refers to printfb.o(i._sputc) for _sputc
    printf0.o(i.__0fprintf$0) refers to printf0.o(i._printf_core) for _printf_core
    printf0.o(i.__0fprintf$0) refers to fputc.o(i.fputc) for fputc
    printf0.o(i.__0printf$0) refers to printf0.o(i._printf_core) for _printf_core
    printf0.o(i.__0printf$0) refers to fputc.o(i.fputc) for fputc
    printf0.o(i.__0printf$0) refers to stdout.o(.data) for __stdout
    printf0.o(i.__0snprintf$0) refers to printf0.o(i._printf_core) for _printf_core
    printf0.o(i.__0snprintf$0) refers to printf0.o(i._snputc) for _snputc
    printf0.o(i.__0sprintf$0) refers to printf0.o(i._printf_core) for _printf_core
    printf0.o(i.__0sprintf$0) refers to printf0.o(i._sputc) for _sputc
    printf0.o(i.__0vfprintf$0) refers to printf0.o(i._printf_core) for _printf_core
    printf0.o(i.__0vfprintf$0) refers to fputc.o(i.fputc) for fputc
    printf0.o(i.__0vprintf$0) refers to printf0.o(i._printf_core) for _printf_core
    printf0.o(i.__0vprintf$0) refers to fputc.o(i.fputc) for fputc
    printf0.o(i.__0vprintf$0) refers to stdout.o(.data) for __stdout
    printf0.o(i.__0vsnprintf$0) refers to printf0.o(i._printf_core) for _printf_core
    printf0.o(i.__0vsnprintf$0) refers to printf0.o(i._snputc) for _snputc
    printf0.o(i.__0vsprintf$0) refers to printf0.o(i._printf_core) for _printf_core
    printf0.o(i.__0vsprintf$0) refers to printf0.o(i._sputc) for _sputc
    printf1.o(i.__0fprintf$1) refers to printf1.o(i._printf_core) for _printf_core
    printf1.o(i.__0fprintf$1) refers to fputc.o(i.fputc) for fputc
    printf1.o(i.__0printf$1) refers to printf1.o(i._printf_core) for _printf_core
    printf1.o(i.__0printf$1) refers to fputc.o(i.fputc) for fputc
    printf1.o(i.__0printf$1) refers to stdout.o(.data) for __stdout
    printf1.o(i.__0snprintf$1) refers to printf1.o(i._printf_core) for _printf_core
    printf1.o(i.__0snprintf$1) refers to printf1.o(i._snputc) for _snputc
    printf1.o(i.__0sprintf$1) refers to printf1.o(i._printf_core) for _printf_core
    printf1.o(i.__0sprintf$1) refers to printf1.o(i._sputc) for _sputc
    printf1.o(i.__0vfprintf$1) refers to printf1.o(i._printf_core) for _printf_core
    printf1.o(i.__0vfprintf$1) refers to fputc.o(i.fputc) for fputc
    printf1.o(i.__0vprintf$1) refers to printf1.o(i._printf_core) for _printf_core
    printf1.o(i.__0vprintf$1) refers to fputc.o(i.fputc) for fputc
    printf1.o(i.__0vprintf$1) refers to stdout.o(.data) for __stdout
    printf1.o(i.__0vsnprintf$1) refers to printf1.o(i._printf_core) for _printf_core
    printf1.o(i.__0vsnprintf$1) refers to printf1.o(i._snputc) for _snputc
    printf1.o(i.__0vsprintf$1) refers to printf1.o(i._printf_core) for _printf_core
    printf1.o(i.__0vsprintf$1) refers to printf1.o(i._sputc) for _sputc
    printf1.o(i._printf_core) refers to uidiv.o(.text) for __aeabi_uidivmod
    printf2.o(i.__0fprintf$2) refers to printf2.o(i._printf_core) for _printf_core
    printf2.o(i.__0fprintf$2) refers to fputc.o(i.fputc) for fputc
    printf2.o(i.__0printf$2) refers to printf2.o(i._printf_core) for _printf_core
    printf2.o(i.__0printf$2) refers to fputc.o(i.fputc) for fputc
    printf2.o(i.__0printf$2) refers to stdout.o(.data) for __stdout
    printf2.o(i.__0snprintf$2) refers to printf2.o(i._printf_core) for _printf_core
    printf2.o(i.__0snprintf$2) refers to printf2.o(i._snputc) for _snputc
    printf2.o(i.__0sprintf$2) refers to printf2.o(i._printf_core) for _printf_core
    printf2.o(i.__0sprintf$2) refers to printf2.o(i._sputc) for _sputc
    printf2.o(i.__0vfprintf$2) refers to printf2.o(i._printf_core) for _printf_core
    printf2.o(i.__0vfprintf$2) refers to fputc.o(i.fputc) for fputc
    printf2.o(i.__0vprintf$2) refers to printf2.o(i._printf_core) for _printf_core
    printf2.o(i.__0vprintf$2) refers to fputc.o(i.fputc) for fputc
    printf2.o(i.__0vprintf$2) refers to stdout.o(.data) for __stdout
    printf2.o(i.__0vsnprintf$2) refers to printf2.o(i._printf_core) for _printf_core
    printf2.o(i.__0vsnprintf$2) refers to printf2.o(i._snputc) for _snputc
    printf2.o(i.__0vsprintf$2) refers to printf2.o(i._printf_core) for _printf_core
    printf2.o(i.__0vsprintf$2) refers to printf2.o(i._sputc) for _sputc
    printf3.o(i.__0fprintf$3) refers to printf3.o(i._printf_core) for _printf_core
    printf3.o(i.__0fprintf$3) refers to fputc.o(i.fputc) for fputc
    printf3.o(i.__0printf$3) refers to printf3.o(i._printf_core) for _printf_core
    printf3.o(i.__0printf$3) refers to fputc.o(i.fputc) for fputc
    printf3.o(i.__0printf$3) refers to stdout.o(.data) for __stdout
    printf3.o(i.__0snprintf$3) refers to printf3.o(i._printf_core) for _printf_core
    printf3.o(i.__0snprintf$3) refers to printf3.o(i._snputc) for _snputc
    printf3.o(i.__0sprintf$3) refers to printf3.o(i._printf_core) for _printf_core
    printf3.o(i.__0sprintf$3) refers to printf3.o(i._sputc) for _sputc
    printf3.o(i.__0vfprintf$3) refers to printf3.o(i._printf_core) for _printf_core
    printf3.o(i.__0vfprintf$3) refers to fputc.o(i.fputc) for fputc
    printf3.o(i.__0vprintf$3) refers to printf3.o(i._printf_core) for _printf_core
    printf3.o(i.__0vprintf$3) refers to fputc.o(i.fputc) for fputc
    printf3.o(i.__0vprintf$3) refers to stdout.o(.data) for __stdout
    printf3.o(i.__0vsnprintf$3) refers to printf3.o(i._printf_core) for _printf_core
    printf3.o(i.__0vsnprintf$3) refers to printf3.o(i._snputc) for _snputc
    printf3.o(i.__0vsprintf$3) refers to printf3.o(i._printf_core) for _printf_core
    printf3.o(i.__0vsprintf$3) refers to printf3.o(i._sputc) for _sputc
    printf3.o(i._printf_core) refers to uidiv.o(.text) for __aeabi_uidivmod
    printf4.o(i.__0fprintf$4) refers to printf4.o(i._printf_core) for _printf_core
    printf4.o(i.__0fprintf$4) refers to fputc.o(i.fputc) for fputc
    printf4.o(i.__0printf$4) refers to printf4.o(i._printf_core) for _printf_core
    printf4.o(i.__0printf$4) refers to fputc.o(i.fputc) for fputc
    printf4.o(i.__0printf$4) refers to stdout.o(.data) for __stdout
    printf4.o(i.__0snprintf$4) refers to printf4.o(i._printf_core) for _printf_core
    printf4.o(i.__0snprintf$4) refers to printf4.o(i._snputc) for _snputc
    printf4.o(i.__0sprintf$4) refers to printf4.o(i._printf_core) for _printf_core
    printf4.o(i.__0sprintf$4) refers to printf4.o(i._sputc) for _sputc
    printf4.o(i.__0vfprintf$4) refers to printf4.o(i._printf_core) for _printf_core
    printf4.o(i.__0vfprintf$4) refers to fputc.o(i.fputc) for fputc
    printf4.o(i.__0vprintf$4) refers to printf4.o(i._printf_core) for _printf_core
    printf4.o(i.__0vprintf$4) refers to fputc.o(i.fputc) for fputc
    printf4.o(i.__0vprintf$4) refers to stdout.o(.data) for __stdout
    printf4.o(i.__0vsnprintf$4) refers to printf4.o(i._printf_core) for _printf_core
    printf4.o(i.__0vsnprintf$4) refers to printf4.o(i._snputc) for _snputc
    printf4.o(i.__0vsprintf$4) refers to printf4.o(i._printf_core) for _printf_core
    printf4.o(i.__0vsprintf$4) refers to printf4.o(i._sputc) for _sputc
    printf4.o(i._printf_core) refers to uldiv.o(.text) for __aeabi_uldivmod
    printf5.o(i.__0fprintf$5) refers to printf5.o(i._printf_core) for _printf_core
    printf5.o(i.__0fprintf$5) refers to fputc.o(i.fputc) for fputc
    printf5.o(i.__0printf$5) refers to printf5.o(i._printf_core) for _printf_core
    printf5.o(i.__0printf$5) refers to fputc.o(i.fputc) for fputc
    printf5.o(i.__0printf$5) refers to stdout.o(.data) for __stdout
    printf5.o(i.__0snprintf$5) refers to printf5.o(i._printf_core) for _printf_core
    printf5.o(i.__0snprintf$5) refers to printf5.o(i._snputc) for _snputc
    printf5.o(i.__0sprintf$5) refers to printf5.o(i._printf_core) for _printf_core
    printf5.o(i.__0sprintf$5) refers to printf5.o(i._sputc) for _sputc
    printf5.o(i.__0vfprintf$5) refers to printf5.o(i._printf_core) for _printf_core
    printf5.o(i.__0vfprintf$5) refers to fputc.o(i.fputc) for fputc
    printf5.o(i.__0vprintf$5) refers to printf5.o(i._printf_core) for _printf_core
    printf5.o(i.__0vprintf$5) refers to fputc.o(i.fputc) for fputc
    printf5.o(i.__0vprintf$5) refers to stdout.o(.data) for __stdout
    printf5.o(i.__0vsnprintf$5) refers to printf5.o(i._printf_core) for _printf_core
    printf5.o(i.__0vsnprintf$5) refers to printf5.o(i._snputc) for _snputc
    printf5.o(i.__0vsprintf$5) refers to printf5.o(i._printf_core) for _printf_core
    printf5.o(i.__0vsprintf$5) refers to printf5.o(i._sputc) for _sputc
    printf5.o(i._printf_core) refers to uldiv.o(.text) for __aeabi_uldivmod
    printf6.o(i.__0fprintf$6) refers to printf6.o(i._printf_core) for _printf_core
    printf6.o(i.__0fprintf$6) refers to fputc.o(i.fputc) for fputc
    printf6.o(i.__0printf$6) refers to printf6.o(i._printf_core) for _printf_core
    printf6.o(i.__0printf$6) refers to fputc.o(i.fputc) for fputc
    printf6.o(i.__0printf$6) refers to stdout.o(.data) for __stdout
    printf6.o(i.__0snprintf$6) refers to printf6.o(i._printf_core) for _printf_core
    printf6.o(i.__0snprintf$6) refers to printf6.o(i._snputc) for _snputc
    printf6.o(i.__0sprintf$6) refers to printf6.o(i._printf_core) for _printf_core
    printf6.o(i.__0sprintf$6) refers to printf6.o(i._sputc) for _sputc
    printf6.o(i.__0vfprintf$6) refers to printf6.o(i._printf_core) for _printf_core
    printf6.o(i.__0vfprintf$6) refers to fputc.o(i.fputc) for fputc
    printf6.o(i.__0vprintf$6) refers to printf6.o(i._printf_core) for _printf_core
    printf6.o(i.__0vprintf$6) refers to fputc.o(i.fputc) for fputc
    printf6.o(i.__0vprintf$6) refers to stdout.o(.data) for __stdout
    printf6.o(i.__0vsnprintf$6) refers to printf6.o(i._printf_core) for _printf_core
    printf6.o(i.__0vsnprintf$6) refers to printf6.o(i._snputc) for _snputc
    printf6.o(i.__0vsprintf$6) refers to printf6.o(i._printf_core) for _printf_core
    printf6.o(i.__0vsprintf$6) refers to printf6.o(i._sputc) for _sputc
    printf6.o(i._printf_core) refers to printf6.o(i._printf_pre_padding) for _printf_pre_padding
    printf6.o(i._printf_core) refers to uidiv.o(.text) for __aeabi_uidivmod
    printf6.o(i._printf_core) refers to printf6.o(i._printf_post_padding) for _printf_post_padding
    printf7.o(i.__0fprintf$7) refers to printf7.o(i._printf_core) for _printf_core
    printf7.o(i.__0fprintf$7) refers to fputc.o(i.fputc) for fputc
    printf7.o(i.__0printf$7) refers to printf7.o(i._printf_core) for _printf_core
    printf7.o(i.__0printf$7) refers to fputc.o(i.fputc) for fputc
    printf7.o(i.__0printf$7) refers to stdout.o(.data) for __stdout
    printf7.o(i.__0snprintf$7) refers to printf7.o(i._printf_core) for _printf_core
    printf7.o(i.__0snprintf$7) refers to printf7.o(i._snputc) for _snputc
    printf7.o(i.__0sprintf$7) refers to printf7.o(i._printf_core) for _printf_core
    printf7.o(i.__0sprintf$7) refers to printf7.o(i._sputc) for _sputc
    printf7.o(i.__0vfprintf$7) refers to printf7.o(i._printf_core) for _printf_core
    printf7.o(i.__0vfprintf$7) refers to fputc.o(i.fputc) for fputc
    printf7.o(i.__0vprintf$7) refers to printf7.o(i._printf_core) for _printf_core
    printf7.o(i.__0vprintf$7) refers to fputc.o(i.fputc) for fputc
    printf7.o(i.__0vprintf$7) refers to stdout.o(.data) for __stdout
    printf7.o(i.__0vsnprintf$7) refers to printf7.o(i._printf_core) for _printf_core
    printf7.o(i.__0vsnprintf$7) refers to printf7.o(i._snputc) for _snputc
    printf7.o(i.__0vsprintf$7) refers to printf7.o(i._printf_core) for _printf_core
    printf7.o(i.__0vsprintf$7) refers to printf7.o(i._sputc) for _sputc
    printf7.o(i._printf_core) refers to printf7.o(i._printf_pre_padding) for _printf_pre_padding
    printf7.o(i._printf_core) refers to uldiv.o(.text) for __aeabi_uldivmod
    printf7.o(i._printf_core) refers to printf7.o(i._printf_post_padding) for _printf_post_padding
    printf8.o(i.__0fprintf$8) refers to printf8.o(i._printf_core) for _printf_core
    printf8.o(i.__0fprintf$8) refers to fputc.o(i.fputc) for fputc
    printf8.o(i.__0printf$8) refers to printf8.o(i._printf_core) for _printf_core
    printf8.o(i.__0printf$8) refers to fputc.o(i.fputc) for fputc
    printf8.o(i.__0printf$8) refers to stdout.o(.data) for __stdout
    printf8.o(i.__0snprintf$8) refers to printf8.o(i._printf_core) for _printf_core
    printf8.o(i.__0snprintf$8) refers to printf8.o(i._snputc) for _snputc
    printf8.o(i.__0sprintf$8) refers to printf8.o(i._printf_core) for _printf_core
    printf8.o(i.__0sprintf$8) refers to printf8.o(i._sputc) for _sputc
    printf8.o(i.__0vfprintf$8) refers to printf8.o(i._printf_core) for _printf_core
    printf8.o(i.__0vfprintf$8) refers to fputc.o(i.fputc) for fputc
    printf8.o(i.__0vprintf$8) refers to printf8.o(i._printf_core) for _printf_core
    printf8.o(i.__0vprintf$8) refers to fputc.o(i.fputc) for fputc
    printf8.o(i.__0vprintf$8) refers to stdout.o(.data) for __stdout
    printf8.o(i.__0vsnprintf$8) refers to printf8.o(i._printf_core) for _printf_core
    printf8.o(i.__0vsnprintf$8) refers to printf8.o(i._snputc) for _snputc
    printf8.o(i.__0vsprintf$8) refers to printf8.o(i._printf_core) for _printf_core
    printf8.o(i.__0vsprintf$8) refers to printf8.o(i._sputc) for _sputc
    printf8.o(i._printf_core) refers to printf8.o(i._printf_pre_padding) for _printf_pre_padding
    printf8.o(i._printf_core) refers to uldiv.o(.text) for __aeabi_uldivmod
    printf8.o(i._printf_core) refers to printf8.o(i._printf_post_padding) for _printf_post_padding
    printfa.o(i.__0fprintf) refers (Special) to iusefp.o(.text) for __I$use$fp
    printfa.o(i.__0fprintf) refers to printfa.o(i._printf_core) for _printf_core
    printfa.o(i.__0fprintf) refers to fputc.o(i.fputc) for fputc
    printfa.o(i.__0printf) refers (Special) to iusefp.o(.text) for __I$use$fp
    printfa.o(i.__0printf) refers to printfa.o(i._printf_core) for _printf_core
    printfa.o(i.__0printf) refers to fputc.o(i.fputc) for fputc
    printfa.o(i.__0printf) refers to stdout.o(.data) for __stdout
    printfa.o(i.__0snprintf) refers (Special) to iusefp.o(.text) for __I$use$fp
    printfa.o(i.__0snprintf) refers to printfa.o(i._printf_core) for _printf_core
    printfa.o(i.__0snprintf) refers to printfa.o(i._snputc) for _snputc
    printfa.o(i.__0sprintf) refers (Special) to iusefp.o(.text) for __I$use$fp
    printfa.o(i.__0sprintf) refers to printfa.o(i._printf_core) for _printf_core
    printfa.o(i.__0sprintf) refers to printfa.o(i._sputc) for _sputc
    printfa.o(i.__0vfprintf) refers (Special) to iusefp.o(.text) for __I$use$fp
    printfa.o(i.__0vfprintf) refers to printfa.o(i._printf_core) for _printf_core
    printfa.o(i.__0vfprintf) refers to fputc.o(i.fputc) for fputc
    printfa.o(i.__0vprintf) refers (Special) to iusefp.o(.text) for __I$use$fp
    printfa.o(i.__0vprintf) refers to printfa.o(i._printf_core) for _printf_core
    printfa.o(i.__0vprintf) refers to fputc.o(i.fputc) for fputc
    printfa.o(i.__0vprintf) refers to stdout.o(.data) for __stdout
    printfa.o(i.__0vsnprintf) refers (Special) to iusefp.o(.text) for __I$use$fp
    printfa.o(i.__0vsnprintf) refers to printfa.o(i._printf_core) for _printf_core
    printfa.o(i.__0vsnprintf) refers to printfa.o(i._snputc) for _snputc
    printfa.o(i.__0vsprintf) refers (Special) to iusefp.o(.text) for __I$use$fp
    printfa.o(i.__0vsprintf) refers to printfa.o(i._printf_core) for _printf_core
    printfa.o(i.__0vsprintf) refers to printfa.o(i._sputc) for _sputc
    printfa.o(i._fp_digits) refers (Special) to iusefp.o(.text) for __I$use$fp
    printfa.o(i._fp_digits) refers to dmul.o(.text) for __aeabi_dmul
    printfa.o(i._fp_digits) refers to ddiv.o(.text) for __aeabi_ddiv
    printfa.o(i._fp_digits) refers to cdrcmple.o(.text) for __aeabi_cdrcmple
    printfa.o(i._fp_digits) refers to dadd.o(.text) for __aeabi_dadd
    printfa.o(i._fp_digits) refers to dfixul.o(.text) for __aeabi_d2ulz
    printfa.o(i._fp_digits) refers to uldiv.o(.text) for __aeabi_uldivmod
    printfa.o(i._printf_core) refers (Special) to iusefp.o(.text) for __I$use$fp
    printfa.o(i._printf_core) refers to printfa.o(i._printf_pre_padding) for _printf_pre_padding
    printfa.o(i._printf_core) refers to uldiv.o(.text) for __aeabi_uldivmod
    printfa.o(i._printf_core) refers to printfa.o(i._printf_post_padding) for _printf_post_padding
    printfa.o(i._printf_core) refers to printfa.o(i._fp_digits) for _fp_digits
    printfa.o(i._printf_core) refers to uidiv.o(.text) for __aeabi_uidivmod
    printfa.o(i._printf_post_padding) refers (Special) to iusefp.o(.text) for __I$use$fp
    printfa.o(i._printf_pre_padding) refers (Special) to iusefp.o(.text) for __I$use$fp
    printfa.o(i._snputc) refers (Special) to iusefp.o(.text) for __I$use$fp
    printfa.o(i._sputc) refers (Special) to iusefp.o(.text) for __I$use$fp
    entry2.o(.ARM.Collect$$$$00000001) refers to entry2.o(.ARM.Collect$$$$00002712) for __lit__00000000
    entry2.o(.ARM.Collect$$$$00002712) refers to startup_lpc17xx.o(STACK) for __initial_sp
    entry2.o(__vectab_stack_and_reset_area) refers to startup_lpc17xx.o(STACK) for __initial_sp
    entry2.o(__vectab_stack_and_reset_area) refers to entry.o(.ARM.Collect$$$$00000000) for __main
    entry5.o(.ARM.Collect$$$$00000004) refers to init.o(.text) for __scatterload
    entry9a.o(.ARM.Collect$$$$0000000B) refers to blinky.o(.text) for main
    entry9b.o(.ARM.Collect$$$$0000000C) refers to blinky.o(.text) for main
    fputc.o(i.fputc) refers (Special) to iusesemip.o(.text) for __I$use$semihosting$fputc
    fputc.o(i.fputc) refers (Special) to semi.o(.text) for __semihosting_library_function
    dadd.o(.text) refers to llshl.o(.text) for __aeabi_llsl
    dadd.o(.text) refers to llsshr.o(.text) for __aeabi_lasr
    dadd.o(.text) refers to depilogue.o(.text) for _double_epilogue
    dmul.o(.text) refers to depilogue.o(.text) for _double_epilogue
    ddiv.o(.text) refers to depilogue.o(.text) for _double_round
    dfixul.o(.text) refers to llushr.o(.text) for __aeabi_llsr
    dfixul.o(.text) refers to llshl.o(.text) for __aeabi_llsl
    init.o(.text) refers to entry5.o(.ARM.Collect$$$$00000004) for __main_after_scatterload
    depilogue.o(.text) refers to llshl.o(.text) for __aeabi_llsl
    depilogue.o(.text) refers to llushr.o(.text) for __aeabi_llsr
    usbcore.o(i.USB_ReqGetStatus) refers to usbcore.o(.data) for SetupPacket
    usbcore.o(i.USB_ReqGetStatus) refers to usbcore.o(.bss) for EP0Buf
    usbcore.o(i.USB_ReqSetClrFeature) refers to usbhw.o(.text) for USB_WakeUpCfg
    usbcore.o(i.USB_ReqSetClrFeature) refers to usbcore.o(.data) for SetupPacket
    usbcore.o(i.USB_ReqGetDescriptor) refers to usbcore.o(.data) for SetupPacket
    usbcore.o(i.USB_ReqGetDescriptor) refers to usbdesc.o(.constdata) for USB_DeviceDescriptor
    usbcore.o(i.USB_ReqSetConfiguration) refers to usbhw.o(.text) for USB_DisableEP
    usbcore.o(i.USB_ReqSetConfiguration) refers to usbcore.o(.data) for SetupPacket
    usbcore.o(i.USB_ReqSetConfiguration) refers to usbdesc.o(.constdata) for USB_ConfigDescriptor
    usbcore.o(i.USB_ReqSetInterface) refers to usbhw.o(.text) for USB_ConfigEP
    usbcore.o(i.USB_ReqSetInterface) refers to usbcore.o(.data) for SetupPacket
    usbcore.o(i.USB_ReqSetInterface) refers to usbdesc.o(.constdata) for USB_ConfigDescriptor


==============================================================================

Removing Unused input sections from the image.

    Removing startup_lpc17xx.o(HEAP), (0 bytes).
    Removing system_lpc17xx.o(.rev16_text), (4 bytes).
    Removing system_lpc17xx.o(.revsh_text), (4 bytes).
    Removing system_lpc17xx.o(.rrx_text), (6 bytes).
    Removing glcd_spi_lpc1700.o(.rev16_text), (4 bytes).
    Removing glcd_spi_lpc1700.o(.revsh_text), (4 bytes).
    Removing glcd_spi_lpc1700.o(.rrx_text), (6 bytes).
    Removing kbd.o(.rev16_text), (4 bytes).
    Removing kbd.o(.revsh_text), (4 bytes).
    Removing kbd.o(.rrx_text), (6 bytes).
    Removing kbd.o(.data), (4 bytes).
    Removing snake.o(.rev16_text), (4 bytes).
    Removing snake.o(.revsh_text), (4 bytes).
    Removing snake.o(.rrx_text), (6 bytes).
    Removing poker.o(.rev16_text), (4 bytes).
    Removing poker.o(.revsh_text), (4 bytes).
    Removing poker.o(.rrx_text), (6 bytes).
    Removing adcuser.o(.constdata), (6 bytes).
    Removing core_cm3.o(.emb_text), (32 bytes).
    Removing dadd.o(.text), (334 bytes).
    Removing dmul.o(.text), (228 bytes).
    Removing ddiv.o(.text), (222 bytes).
    Removing dfixul.o(.text), (48 bytes).
    Removing cdrcmple.o(.text), (48 bytes).
    Removing depilogue.o(.text), (186 bytes).

25 unused section(s) (total 1178 bytes) removed from the image.

==============================================================================

Image Symbol Table

    Local Symbols

    Symbol Name                              Value     Ov Type        Size  Object(Section)

    RESET                                    0x00000000   Section      204  startup_lpc17xx.o(RESET)
    ../clib/microlib/division.c              0x00000000   Number         0  uidiv.o ABSOLUTE
    ../clib/microlib/division.c              0x00000000   Number         0  uldiv.o ABSOLUTE
    ../clib/microlib/init/entry.s            0x00000000   Number         0  entry7a.o ABSOLUTE
    ../clib/microlib/init/entry.s            0x00000000   Number         0  entry5.o ABSOLUTE
    ../clib/microlib/init/entry.s            0x00000000   Number         0  entry11b.o ABSOLUTE
    ../clib/microlib/init/entry.s            0x00000000   Number         0  entry11a.o ABSOLUTE
    ../clib/microlib/init/entry.s            0x00000000   Number         0  entry10b.o ABSOLUTE
    ../clib/microlib/init/entry.s            0x00000000   Number         0  entry10a.o ABSOLUTE
    ../clib/microlib/init/entry.s            0x00000000   Number         0  entry9b.o ABSOLUTE
    ../clib/microlib/init/entry.s            0x00000000   Number         0  entry2.o ABSOLUTE
    ../clib/microlib/init/entry.s            0x00000000   Number         0  entry9a.o ABSOLUTE
    ../clib/microlib/init/entry.s            0x00000000   Number         0  entry8b.o ABSOLUTE
    ../clib/microlib/init/entry.s            0x00000000   Number         0  entry8a.o ABSOLUTE
    ../clib/microlib/init/entry.s            0x00000000   Number         0  entry.o ABSOLUTE
    ../clib/microlib/init/entry.s            0x00000000   Number         0  entry7b.o ABSOLUTE
    ../clib/microlib/longlong.c              0x00000000   Number         0  llushr.o ABSOLUTE
    ../clib/microlib/longlong.c              0x00000000   Number         0  llsshr.o ABSOLUTE
    ../clib/microlib/longlong.c              0x00000000   Number         0  llshl.o ABSOLUTE
    ../clib/microlib/printf/printf.c         0x00000000   Number         0  printf5.o ABSOLUTE
    ../clib/microlib/printf/printf.c         0x00000000   Number         0  printfa.o ABSOLUTE
    ../clib/microlib/printf/printf.c         0x00000000   Number         0  printf3.o ABSOLUTE
    ../clib/microlib/printf/printf.c         0x00000000   Number         0  printf2.o ABSOLUTE
    ../clib/microlib/printf/printf.c         0x00000000   Number         0  printf1.o ABSOLUTE
    ../clib/microlib/printf/printf.c         0x00000000   Number         0  printf0.o ABSOLUTE
    ../clib/microlib/printf/printf.c         0x00000000   Number         0  printfb.o ABSOLUTE
    ../clib/microlib/printf/printf.c         0x00000000   Number         0  printf7.o ABSOLUTE
    ../clib/microlib/printf/printf.c         0x00000000   Number         0  printf8.o ABSOLUTE
    ../clib/microlib/printf/printf.c         0x00000000   Number         0  printf4.o ABSOLUTE
    ../clib/microlib/printf/printf.c         0x00000000   Number         0  printf6.o ABSOLUTE
    ../clib/microlib/printf/stubs.s          0x00000000   Number         0  stubs.o ABSOLUTE
    ../clib/microlib/stdio/fputc.c           0x00000000   Number         0  fputc.o ABSOLUTE
    ../clib/microlib/stdio/semi.s            0x00000000   Number         0  semi.o ABSOLUTE
    ../clib/microlib/stdio/streams.c         0x00000000   Number         0  stdout.o ABSOLUTE
    ../clib/microlib/stdlib/rand.c           0x00000000   Number         0  rand.o ABSOLUTE
    ../clib/microlib/stubs.s                 0x00000000   Number         0  iusesemip.o ABSOLUTE
    ../clib/microlib/stubs.s                 0x00000000   Number         0  iusefp.o ABSOLUTE
    ../fplib/microlib/fpadd.c                0x00000000   Number         0  dadd.o ABSOLUTE
    ../fplib/microlib/fpdiv.c                0x00000000   Number         0  ddiv.o ABSOLUTE
    ../fplib/microlib/fpepilogue.c           0x00000000   Number         0  depilogue.o ABSOLUTE
    ../fplib/microlib/fpfix.c                0x00000000   Number         0  dfixul.o ABSOLUTE
    ../fplib/microlib/fpmul.c                0x00000000   Number         0  dmul.o ABSOLUTE
    Blinky.c                                 0x00000000   Number         0  blinky.o ABSOLUTE
    GLCD_SPI_LPC1700.c                       0x00000000   Number         0  glcd_spi_lpc1700.o ABSOLUTE
    GLCD_SPI_LPC1700.c                       0x00000000   Number         0  glcd_spi_lpc1700.o ABSOLUTE
    IRQ.c                                    0x00000000   Number         0  irq.o ABSOLUTE
    KBD.c                                    0x00000000   Number         0  kbd.o ABSOLUTE
    KBD.c                                    0x00000000   Number         0  kbd.o ABSOLUTE
    audio\\core_cm3.c                        0x00000000   Number         0  core_cm3.o ABSOLUTE
    audio\adcuser.c                          0x00000000   Number         0  adcuser.o ABSOLUTE
    audio\core_cm3.c                         0x00000000   Number         0  core_cm3.o ABSOLUTE
    audio\usbcore.c                          0x00000000   Number         0  usbcore.o ABSOLUTE
    audio\usbdesc.c                          0x00000000   Number         0  usbdesc.o ABSOLUTE
    audio\usbdmain.c                         0x00000000   Number         0  usbdmain.o ABSOLUTE
    audio\usbhw.c                            0x00000000   Number         0  usbhw.o ABSOLUTE
    audio\usbuser.c                          0x00000000   Number         0  usbuser.o ABSOLUTE
    cdrcmple.s                               0x00000000   Number         0  cdrcmple.o ABSOLUTE
    dc.s                                     0x00000000   Number         0  dc.o ABSOLUTE
    handlers.s                               0x00000000   Number         0  handlers.o ABSOLUTE
    init.s                                   0x00000000   Number         0  init.o ABSOLUTE
    poker.c                                  0x00000000   Number         0  poker.o ABSOLUTE
    poker.c                                  0x00000000   Number         0  poker.o ABSOLUTE
    snake.c                                  0x00000000   Number         0  snake.o ABSOLUTE
    snake.c                                  0x00000000   Number         0  snake.o ABSOLUTE
    startup_LPC17xx.s                        0x00000000   Number         0  startup_lpc17xx.o ABSOLUTE
    system_LPC17xx.c                         0x00000000   Number         0  system_lpc17xx.o ABSOLUTE
    system_LPC17xx.c                         0x00000000   Number         0  system_lpc17xx.o ABSOLUTE
    .ARM.Collect$$$$00000000                 0x000000cc   Section        0  entry.o(.ARM.Collect$$$$00000000)
    .ARM.Collect$$$$00000001                 0x000000cc   Section        4  entry2.o(.ARM.Collect$$$$00000001)
    .ARM.Collect$$$$00000004                 0x000000d0   Section        4  entry5.o(.ARM.Collect$$$$00000004)
    .ARM.Collect$$$$00000008                 0x000000d4   Section        0  entry7b.o(.ARM.Collect$$$$00000008)
    .ARM.Collect$$$$0000000A                 0x000000d4   Section        0  entry8b.o(.ARM.Collect$$$$0000000A)
    .ARM.Collect$$$$0000000B                 0x000000d4   Section        8  entry9a.o(.ARM.Collect$$$$0000000B)
    .ARM.Collect$$$$0000000D                 0x000000dc   Section        0  entry10a.o(.ARM.Collect$$$$0000000D)
    .ARM.Collect$$$$0000000F                 0x000000dc   Section        0  entry11a.o(.ARM.Collect$$$$0000000F)
    .ARM.Collect$$$$00002712                 0x000000dc   Section        4  entry2.o(.ARM.Collect$$$$00002712)
    __lit__00000000                          0x000000dc   Data           4  entry2.o(.ARM.Collect$$$$00002712)
    .text                                    0x000000e0   Section       36  startup_lpc17xx.o(.text)
    .text                                    0x00000104   Section        0  irq.o(.text)
    .text                                    0x00000190   Section        0  kbd.o(.text)
    .text                                    0x000001ec   Section        0  usbuser.o(.text)
    .text                                    0x000002cc   Section        0  rand.o(.text)
    i.__scatterload_null                     0x000002f0   Section        2  handlers.o(i.__scatterload_null)
    i._sputc                                 0x000002f2   Section        0  printf6.o(i._sputc)
    _sputc                                   0x000002f3   Thumb Code    10  printf6.o(i._sputc)
    .ARM.__at_0x02FC                         0x000002fc   Section        4  startup_lpc17xx.o(.ARM.__at_0x02FC)
    .text                                    0x00000300   Section        0  system_lpc17xx.o(.text)
    .text                                    0x00000728   Section        0  glcd_spi_lpc1700.o(.text)
    delay                                    0x00000729   Thumb Code    14  glcd_spi_lpc1700.o(.text)
    spi_tran_man                             0x00000737   Thumb Code   124  glcd_spi_lpc1700.o(.text)
    wr_cmd                                   0x000007b3   Thumb Code    36  glcd_spi_lpc1700.o(.text)
    wr_dat                                   0x000007d7   Thumb Code    36  glcd_spi_lpc1700.o(.text)
    rd_reg                                   0x000007fb   Thumb Code    66  glcd_spi_lpc1700.o(.text)
    rd_id_man                                0x0000083d   Thumb Code   132  glcd_spi_lpc1700.o(.text)
    spi_tran                                 0x000012a1   Thumb Code    28  glcd_spi_lpc1700.o(.text)
    wr_dat_start                             0x000012bd   Thumb Code    16  glcd_spi_lpc1700.o(.text)
    wr_dat_stop                              0x000012cd   Thumb Code     8  glcd_spi_lpc1700.o(.text)
    wr_dat_only                              0x000012d5   Thumb Code    18  glcd_spi_lpc1700.o(.text)
    wr_reg                                   0x000012e7   Thumb Code    20  glcd_spi_lpc1700.o(.text)
    .text                                    0x00001314   Section        0  blinky.o(.text)
    .text                                    0x00001610   Section        0  snake.o(.text)
    .text                                    0x00001ea0   Section        0  poker.o(.text)
    .text                                    0x00002924   Section        0  adcuser.o(.text)
    .text                                    0x00002a0c   Section        0  usbcore.o(.text)
    .text                                    0x00002de8   Section        0  usbdmain.o(.text)
    NVIC_DisableIRQ                          0x000031bb   Thumb Code   146  usbdmain.o(.text)
    .text                                    0x0000324c   Section        0  usbhw.o(.text)
    .text                                    0x00003ad4   Section        0  uldiv.o(.text)
    .text                                    0x00003b36   Section        0  uidiv.o(.text)
    .text                                    0x00003b62   Section        0  llshl.o(.text)
    .text                                    0x00003b80   Section        0  llushr.o(.text)
    .text                                    0x00003ba0   Section       36  init.o(.text)
    i.USB_ReqGetDescriptor                   0x00003bc4   Section        0  usbcore.o(i.USB_ReqGetDescriptor)
    i.USB_ReqGetStatus                       0x00003c7c   Section        0  usbcore.o(i.USB_ReqGetStatus)
    i.USB_ReqSetClrFeature                   0x00003d3c   Section        0  usbcore.o(i.USB_ReqSetClrFeature)
    i.USB_ReqSetConfiguration                0x00003e28   Section        0  usbcore.o(i.USB_ReqSetConfiguration)
    i.USB_ReqSetInterface                    0x00003fe0   Section        0  usbcore.o(i.USB_ReqSetInterface)
    i.__0sprintf$6                           0x00004110   Section        0  printf6.o(i.__0sprintf$6)
    i.__scatterload_copy                     0x00004138   Section       14  handlers.o(i.__scatterload_copy)
    i.__scatterload_zeroinit                 0x00004146   Section       14  handlers.o(i.__scatterload_zeroinit)
    i._printf_core                           0x00004154   Section        0  printf6.o(i._printf_core)
    _printf_core                             0x00004155   Thumb Code   748  printf6.o(i._printf_core)
    i._printf_post_padding                   0x00004444   Section        0  printf6.o(i._printf_post_padding)
    _printf_post_padding                     0x00004445   Thumb Code    36  printf6.o(i._printf_post_padding)
    i._printf_pre_padding                    0x00004468   Section        0  printf6.o(i._printf_pre_padding)
    _printf_pre_padding                      0x00004469   Thumb Code    46  printf6.o(i._printf_pre_padding)
    .constdata                               0x00004496   Section     6272  glcd_spi_lpc1700.o(.constdata)
    .constdata                               0x00005d16   Section    196870  blinky.o(.constdata)
    TREE_pixel_data                          0x00005d16   Data       32769  blinky.o(.constdata)
    GRASS_pixel_data                         0x0000dd17   Data       32769  blinky.o(.constdata)
    CAT_pixel_data                           0x00015d18   Data       32769  blinky.o(.constdata)
    FIREWORK_pixel_data                      0x0001dd19   Data       33025  blinky.o(.constdata)
    PORT_pixel_data                          0x00025e1a   Data       32769  blinky.o(.constdata)
    JAPAN_pixel_data                         0x0002de1b   Data       32769  blinky.o(.constdata)
    .constdata                               0x00035e1c   Section       64  usbuser.o(.constdata)
    .constdata                               0x00035e5c   Section      228  usbdesc.o(.constdata)
    .constdata                               0x00035f40   Section       16  usbhw.o(.constdata)
    .conststring                             0x00035f50   Section       78  poker.o(.conststring)
    .data                                    0x10000000   Section        8  system_lpc17xx.o(.data)
    .data                                    0x10000008   Section        5  glcd_spi_lpc1700.o(.data)
    Color                                    0x10000008   Data           4  glcd_spi_lpc1700.o(.data)
    Himax                                    0x1000000c   Data           1  glcd_spi_lpc1700.o(.data)
    .data                                    0x10000010   Section       12  irq.o(.data)
    .data                                    0x1000001c   Section       56  snake.o(.data)
    .data                                    0x10000054   Section       76  poker.o(.data)
    .data                                    0x100000a0   Section        2  adcuser.o(.data)
    .data                                    0x100000a4   Section       40  usbcore.o(.data)
    .data                                    0x100000cc   Section       36  usbdmain.o(.data)
    .data                                    0x100000f0   Section        8  usbhw.o(.data)
    .data                                    0x100000f8   Section        4  rand.o(.data)
    _rand_state                              0x100000f8   Data           4  rand.o(.data)
    .bss                                     0x100000fc   Section      880  snake.o(.bss)
    .bss                                     0x1000046c   Section       50  poker.o(.bss)
    .bss                                     0x1000049e   Section       64  usbcore.o(.bss)
    .bss                                     0x100004e0   Section      128  usbhw.o(.bss)
    STACK                                    0x10000560   Section     1024  startup_lpc17xx.o(STACK)
    USB_RAM                                  0x10000960   Section      544  usbhw.o(USB_RAM)

    Global Symbols

    Symbol Name                              Value     Ov Type        Size  Object(Section)

    BuildAttributes$$THM_ISAv4$P$D$K$B$S$PE$A:L22UL41UL21$X:L11$S22US41US21$IEEE1$IW$USESV6$~STKCKD$USESV7$~SHL$OSPACE$ROPI$EBA8$MICROLIB$REQ8$PRES8$EABIv2 0x00000000   Number         0  anon$$obj.o ABSOLUTE
    __ARM_use_no_argv                        0x00000000   Number         0  blinky.o ABSOLUTE
    __Vectors                                0x00000000   Data           4  startup_lpc17xx.o(RESET)
    _printf_a                                0x00000000   Number         0  stubs.o ABSOLUTE
    _printf_c                                0x00000000   Number         0  stubs.o ABSOLUTE
    _printf_charcount                        0x00000000   Number         0  stubs.o ABSOLUTE
    _printf_d                                0x00000000   Number         0  stubs.o ABSOLUTE
    _printf_e                                0x00000000   Number         0  stubs.o ABSOLUTE
    _printf_f                                0x00000000   Number         0  stubs.o ABSOLUTE
    _printf_flags                            0x00000000   Number         0  stubs.o ABSOLUTE
    _printf_fp_dec                           0x00000000   Number         0  stubs.o ABSOLUTE
    _printf_fp_hex                           0x00000000   Number         0  stubs.o ABSOLUTE
    _printf_g                                0x00000000   Number         0  stubs.o ABSOLUTE
    _printf_i                                0x00000000   Number         0  stubs.o ABSOLUTE
    _printf_int_dec                          0x00000000   Number         0  stubs.o ABSOLUTE
    _printf_l                                0x00000000   Number         0  stubs.o ABSOLUTE
    _printf_lc                               0x00000000   Number         0  stubs.o ABSOLUTE
    _printf_ll                               0x00000000   Number         0  stubs.o ABSOLUTE
    _printf_lld                              0x00000000   Number         0  stubs.o ABSOLUTE
    _printf_lli                              0x00000000   Number         0  stubs.o ABSOLUTE
    _printf_llo                              0x00000000   Number         0  stubs.o ABSOLUTE
    _printf_llu                              0x00000000   Number         0  stubs.o ABSOLUTE
    _printf_llx                              0x00000000   Number         0  stubs.o ABSOLUTE
    _printf_longlong_dec                     0x00000000   Number         0  stubs.o ABSOLUTE
    _printf_longlong_hex                     0x00000000   Number         0  stubs.o ABSOLUTE
    _printf_longlong_oct                     0x00000000   Number         0  stubs.o ABSOLUTE
    _printf_ls                               0x00000000   Number         0  stubs.o ABSOLUTE
    _printf_mbtowc                           0x00000000   Number         0  stubs.o ABSOLUTE
    _printf_n                                0x00000000   Number         0  stubs.o ABSOLUTE
    _printf_o                                0x00000000   Number         0  stubs.o ABSOLUTE
    _printf_p                                0x00000000   Number         0  stubs.o ABSOLUTE
    _printf_percent                          0x00000000   Number         0  stubs.o ABSOLUTE
    _printf_pre_padding                      0x00000000   Number         0  stubs.o ABSOLUTE
    _printf_return_value                     0x00000000   Number         0  stubs.o ABSOLUTE
    _printf_s                                0x00000000   Number         0  stubs.o ABSOLUTE
    _printf_sizespec                         0x00000000   Number         0  stubs.o ABSOLUTE
    _printf_str                              0x00000000   Number         0  stubs.o ABSOLUTE
    _printf_truncate_signed                  0x00000000   Number         0  stubs.o ABSOLUTE
    _printf_truncate_unsigned                0x00000000   Number         0  stubs.o ABSOLUTE
    _printf_u                                0x00000000   Number         0  stubs.o ABSOLUTE
    _printf_wc                               0x00000000   Number         0  stubs.o ABSOLUTE
    _printf_wctomb                           0x00000000   Number         0  stubs.o ABSOLUTE
    _printf_widthprec                        0x00000000   Number         0  stubs.o ABSOLUTE
    _printf_x                                0x00000000   Number         0  stubs.o ABSOLUTE
    __cpp_initialize__aeabi_                  - Undefined Weak Reference
    __cxa_finalize                            - Undefined Weak Reference
    __decompress                              - Undefined Weak Reference
    _clock_init                               - Undefined Weak Reference
    _microlib_exit                            - Undefined Weak Reference
    __main                                   0x000000cd   Thumb Code     0  entry.o(.ARM.Collect$$$$00000000)
    _main_stk                                0x000000cd   Thumb Code     0  entry2.o(.ARM.Collect$$$$00000001)
    _main_scatterload                        0x000000d1   Thumb Code     0  entry5.o(.ARM.Collect$$$$00000004)
    __main_after_scatterload                 0x000000d5   Thumb Code     0  entry5.o(.ARM.Collect$$$$00000004)
    _main_clock                              0x000000d5   Thumb Code     0  entry7b.o(.ARM.Collect$$$$00000008)
    _main_cpp_init                           0x000000d5   Thumb Code     0  entry8b.o(.ARM.Collect$$$$0000000A)
    _main_init                               0x000000d5   Thumb Code     0  entry9a.o(.ARM.Collect$$$$0000000B)
    __rt_final_cpp                           0x000000dd   Thumb Code     0  entry10a.o(.ARM.Collect$$$$0000000D)
    __rt_final_exit                          0x000000dd   Thumb Code     0  entry11a.o(.ARM.Collect$$$$0000000F)
    Reset_Handler                            0x000000e1   Thumb Code     8  startup_lpc17xx.o(.text)
    NMI_Handler                              0x000000e9   Thumb Code     2  startup_lpc17xx.o(.text)
    HardFault_Handler                        0x000000eb   Thumb Code     2  startup_lpc17xx.o(.text)
    MemManage_Handler                        0x000000ed   Thumb Code     2  startup_lpc17xx.o(.text)
    BusFault_Handler                         0x000000ef   Thumb Code     2  startup_lpc17xx.o(.text)
    UsageFault_Handler                       0x000000f1   Thumb Code     2  startup_lpc17xx.o(.text)
    SVC_Handler                              0x000000f3   Thumb Code     2  startup_lpc17xx.o(.text)
    DebugMon_Handler                         0x000000f5   Thumb Code     2  startup_lpc17xx.o(.text)
    PendSV_Handler                           0x000000f7   Thumb Code     2  startup_lpc17xx.o(.text)
    ADC_IRQHandler                           0x000000fb   Thumb Code     0  startup_lpc17xx.o(.text)
    BOD_IRQHandler                           0x000000fb   Thumb Code     0  startup_lpc17xx.o(.text)
    CANActivity_IRQHandler                   0x000000fb   Thumb Code     0  startup_lpc17xx.o(.text)
    CAN_IRQHandler                           0x000000fb   Thumb Code     0  startup_lpc17xx.o(.text)
    DMA_IRQHandler                           0x000000fb   Thumb Code     0  startup_lpc17xx.o(.text)
    EINT0_IRQHandler                         0x000000fb   Thumb Code     0  startup_lpc17xx.o(.text)
    EINT1_IRQHandler                         0x000000fb   Thumb Code     0  startup_lpc17xx.o(.text)
    EINT2_IRQHandler                         0x000000fb   Thumb Code     0  startup_lpc17xx.o(.text)
    EINT3_IRQHandler                         0x000000fb   Thumb Code     0  startup_lpc17xx.o(.text)
    ENET_IRQHandler                          0x000000fb   Thumb Code     0  startup_lpc17xx.o(.text)
    I2C0_IRQHandler                          0x000000fb   Thumb Code     0  startup_lpc17xx.o(.text)
    I2C1_IRQHandler                          0x000000fb   Thumb Code     0  startup_lpc17xx.o(.text)
    I2C2_IRQHandler                          0x000000fb   Thumb Code     0  startup_lpc17xx.o(.text)
    I2S_IRQHandler                           0x000000fb   Thumb Code     0  startup_lpc17xx.o(.text)
    MCPWM_IRQHandler                         0x000000fb   Thumb Code     0  startup_lpc17xx.o(.text)
    PLL0_IRQHandler                          0x000000fb   Thumb Code     0  startup_lpc17xx.o(.text)
    PLL1_IRQHandler                          0x000000fb   Thumb Code     0  startup_lpc17xx.o(.text)
    PWM1_IRQHandler                          0x000000fb   Thumb Code     0  startup_lpc17xx.o(.text)
    QEI_IRQHandler                           0x000000fb   Thumb Code     0  startup_lpc17xx.o(.text)
    RIT_IRQHandler                           0x000000fb   Thumb Code     0  startup_lpc17xx.o(.text)
    RTC_IRQHandler                           0x000000fb   Thumb Code     0  startup_lpc17xx.o(.text)
    SPI_IRQHandler                           0x000000fb   Thumb Code     0  startup_lpc17xx.o(.text)
    SSP0_IRQHandler                          0x000000fb   Thumb Code     0  startup_lpc17xx.o(.text)
    SSP1_IRQHandler                          0x000000fb   Thumb Code     0  startup_lpc17xx.o(.text)
    TIMER1_IRQHandler                        0x000000fb   Thumb Code     0  startup_lpc17xx.o(.text)
    TIMER2_IRQHandler                        0x000000fb   Thumb Code     0  startup_lpc17xx.o(.text)
    TIMER3_IRQHandler                        0x000000fb   Thumb Code     0  startup_lpc17xx.o(.text)
    UART0_IRQHandler                         0x000000fb   Thumb Code     0  startup_lpc17xx.o(.text)
    UART1_IRQHandler                         0x000000fb   Thumb Code     0  startup_lpc17xx.o(.text)
    UART2_IRQHandler                         0x000000fb   Thumb Code     0  startup_lpc17xx.o(.text)
    UART3_IRQHandler                         0x000000fb   Thumb Code     0  startup_lpc17xx.o(.text)
    USBActivity_IRQHandler                   0x000000fb   Thumb Code     0  startup_lpc17xx.o(.text)
    WDT_IRQHandler                           0x000000fb   Thumb Code     0  startup_lpc17xx.o(.text)
    SysTick_Handler                          0x00000105   Thumb Code   118  irq.o(.text)
    KBD_Init                                 0x00000191   Thumb Code    42  kbd.o(.text)
    KBD_get                                  0x000001bb   Thumb Code    12  kbd.o(.text)
    get_button                               0x000001c7   Thumb Code    20  kbd.o(.text)
    USB_Reset_Event                          0x000001ed   Thumb Code     8  usbuser.o(.text)
    USB_SOF_Event                            0x000001f5   Thumb Code     2  usbuser.o(.text)
    USB_EndPoint1                            0x000001f7   Thumb Code     2  usbuser.o(.text)
    USB_EndPoint2                            0x000001f9   Thumb Code     2  usbuser.o(.text)
    USB_EndPoint3                            0x000001fb   Thumb Code   164  usbuser.o(.text)
    USB_EndPoint4                            0x0000029f   Thumb Code     2  usbuser.o(.text)
    USB_EndPoint5                            0x000002a1   Thumb Code     2  usbuser.o(.text)
    USB_EndPoint6                            0x000002a3   Thumb Code     2  usbuser.o(.text)
    USB_EndPoint7                            0x000002a5   Thumb Code     2  usbuser.o(.text)
    USB_EndPoint8                            0x000002a7   Thumb Code     2  usbuser.o(.text)
    USB_EndPoint9                            0x000002a9   Thumb Code     2  usbuser.o(.text)
    USB_EndPoint10                           0x000002ab   Thumb Code     2  usbuser.o(.text)
    USB_EndPoint11                           0x000002ad   Thumb Code     2  usbuser.o(.text)
    USB_EndPoint12                           0x000002af   Thumb Code     2  usbuser.o(.text)
    USB_EndPoint13                           0x000002b1   Thumb Code     2  usbuser.o(.text)
    USB_EndPoint14                           0x000002b3   Thumb Code     2  usbuser.o(.text)
    USB_EndPoint15                           0x000002b5   Thumb Code     2  usbuser.o(.text)
    rand                                     0x000002cd   Thumb Code    20  rand.o(.text)
    srand                                    0x000002e1   Thumb Code     6  rand.o(.text)
    __scatterload_null                       0x000002f1   Thumb Code     2  handlers.o(i.__scatterload_null)
    SystemCoreClockUpdate                    0x00000301   Thumb Code   408  system_lpc17xx.o(.text)
    SystemInit                               0x00000499   Thumb Code   314  system_lpc17xx.o(.text)
    SystemClockUpdate                        0x000005d3   Thumb Code   332  system_lpc17xx.o(.text)
    GLCD_Init                                0x000008c1   Thumb Code  1506  glcd_spi_lpc1700.o(.text)
    GLCD_SetWindow                           0x00000ea3   Thumb Code   168  glcd_spi_lpc1700.o(.text)
    GLCD_WindowMax                           0x00000f4b   Thumb Code    26  glcd_spi_lpc1700.o(.text)
    GLCD_PutPixel                            0x00000f65   Thumb Code   118  glcd_spi_lpc1700.o(.text)
    GLCD_SetTextColor                        0x00000fdb   Thumb Code     6  glcd_spi_lpc1700.o(.text)
    GLCD_SetBackColor                        0x00000fe1   Thumb Code     6  glcd_spi_lpc1700.o(.text)
    GLCD_Clear                               0x00000fe7   Thumb Code    42  glcd_spi_lpc1700.o(.text)
    GLCD_DrawChar                            0x00001011   Thumb Code   150  glcd_spi_lpc1700.o(.text)
    GLCD_DisplayChar                         0x000010a7   Thumb Code    84  glcd_spi_lpc1700.o(.text)
    GLCD_DisplayString                       0x000010fb   Thumb Code    40  glcd_spi_lpc1700.o(.text)
    GLCD_Bitmap                              0x00001123   Thumb Code    82  glcd_spi_lpc1700.o(.text)
    GLCD_BitmapFull                          0x00001175   Thumb Code   128  glcd_spi_lpc1700.o(.text)
    GLCD_BitmapZoom                          0x000011f5   Thumb Code   144  glcd_spi_lpc1700.o(.text)
    GLCD_WrCmd                               0x00001285   Thumb Code    12  glcd_spi_lpc1700.o(.text)
    GLCD_WrReg                               0x00001291   Thumb Code    16  glcd_spi_lpc1700.o(.text)
    Poker                                    0x00001315   Thumb Code     8  blinky.o(.text)
    Snake                                    0x0000131d   Thumb Code     8  blinky.o(.text)
    Photo_Gallery                            0x00001325   Thumb Code   220  blinky.o(.text)
    MP3_Player                               0x00001401   Thumb Code     8  blinky.o(.text)
    Menu                                     0x00001409   Thumb Code   280  blinky.o(.text)
    main                                     0x00001521   Thumb Code    50  blinky.o(.text)
    food                                     0x00001611   Thumb Code   108  snake.o(.text)
    delay                                    0x0000167d   Thumb Code    14  snake.o(.text)
    setbody                                  0x0000168b   Thumb Code   134  snake.o(.text)
    addbody                                  0x00001711   Thumb Code    42  snake.o(.text)
    check                                    0x0000173b   Thumb Code   166  snake.o(.text)
    updatebody                               0x000017e1   Thumb Code   680  snake.o(.text)
    direction                                0x00001a89   Thumb Code   446  snake.o(.text)
    clearsnake                               0x00001c47   Thumb Code    30  snake.o(.text)
    snakegame                                0x00001c65   Thumb Code   398  snake.o(.text)
    shuffle                                  0x00001ea1   Thumb Code    68  poker.o(.text)
    drawCards                                0x00001ee5   Thumb Code    42  poker.o(.text)
    mergeCards                               0x00001f0f   Thumb Code    62  poker.o(.text)
    sortRanks                                0x00001f4d   Thumb Code    58  poker.o(.text)
    checkPair                                0x00001f87   Thumb Code    56  poker.o(.text)
    checkTwoPair                             0x00001fbf   Thumb Code    56  poker.o(.text)
    checkThreeOfKind                         0x00001ff7   Thumb Code    60  poker.o(.text)
    checkStraight                            0x00002033   Thumb Code   104  poker.o(.text)
    checkFlush                               0x0000209b   Thumb Code    84  poker.o(.text)
    checkFullHouse                           0x000020ef   Thumb Code   162  poker.o(.text)
    checkFourOfKind                          0x00002191   Thumb Code    60  poker.o(.text)
    checkStraightFlush                       0x000021cd   Thumb Code    28  poker.o(.text)
    checkRoyalFlush                          0x000021e9   Thumb Code    76  poker.o(.text)
    checkScore                               0x00002235   Thumb Code   126  poker.o(.text)
    checkWin                                 0x000022b3   Thumb Code    68  poker.o(.text)
    printCombination                         0x000022f7   Thumb Code   184  poker.o(.text)
    pokergame                                0x000023af   Thumb Code  1322  poker.o(.text)
    ADC_IF_GetRequest                        0x00002925   Thumb Code   128  adcuser.o(.text)
    ADC_IF_SetRequest                        0x000029a5   Thumb Code    80  adcuser.o(.text)
    ADC_EP_GetRequest                        0x000029f5   Thumb Code     4  adcuser.o(.text)
    ADC_EP_SetRequest                        0x000029f9   Thumb Code     4  adcuser.o(.text)
    USB_ResetCore                            0x00002a0d   Thumb Code    34  usbcore.o(.text)
    USB_SetupStage                           0x00002a2f   Thumb Code    12  usbcore.o(.text)
    USB_DataInStage                          0x00002a3b   Thumb Code    52  usbcore.o(.text)
    USB_DataOutStage                         0x00002a6f   Thumb Code    34  usbcore.o(.text)
    USB_StatusInStage                        0x00002a91   Thumb Code    14  usbcore.o(.text)
    USB_StatusOutStage                       0x00002a9f   Thumb Code    12  usbcore.o(.text)
    USB_EndPoint0                            0x00002aab   Thumb Code   786  usbcore.o(.text)
    get_potval                               0x00002de9   Thumb Code    58  usbdmain.o(.text)
    TIMER0_IRQHandler                        0x00002e23   Thumb Code   298  usbdmain.o(.text)
    audio_main                               0x00002f4d   Thumb Code   622  usbdmain.o(.text)
    EPAdr                                    0x0000324d   Thumb Code    16  usbhw.o(.text)
    WrCmd                                    0x0000325d   Thumb Code    30  usbhw.o(.text)
    WrCmdDat                                 0x0000327b   Thumb Code    58  usbhw.o(.text)
    WrCmdEP                                  0x000032b5   Thumb Code    78  usbhw.o(.text)
    RdCmdDat                                 0x00003303   Thumb Code    38  usbhw.o(.text)
    USB_SetAddress                           0x00003329   Thumb Code    42  usbhw.o(.text)
    USB_Reset                                0x00003353   Thumb Code   174  usbhw.o(.text)
    USB_Init                                 0x00003401   Thumb Code   138  usbhw.o(.text)
    USB_Connect                              0x0000348b   Thumb Code    28  usbhw.o(.text)
    USB_Suspend                              0x000034a7   Thumb Code     2  usbhw.o(.text)
    USB_Resume                               0x000034a9   Thumb Code     2  usbhw.o(.text)
    USB_WakeUp                               0x000034ab   Thumb Code    22  usbhw.o(.text)
    USB_WakeUpCfg                            0x000034c1   Thumb Code     2  usbhw.o(.text)
    USB_Configure                            0x000034c3   Thumb Code    60  usbhw.o(.text)
    USB_ConfigEP                             0x000034ff   Thumb Code    68  usbhw.o(.text)
    USB_DirCtrlEP                            0x00003543   Thumb Code     2  usbhw.o(.text)
    USB_EnableEP                             0x00003545   Thumb Code    26  usbhw.o(.text)
    USB_DisableEP                            0x0000355f   Thumb Code    26  usbhw.o(.text)
    USB_ResetEP                              0x00003579   Thumb Code    26  usbhw.o(.text)
    USB_SetStallEP                           0x00003593   Thumb Code    26  usbhw.o(.text)
    USB_ClrStallEP                           0x000035ad   Thumb Code    26  usbhw.o(.text)
    USB_ClearEPBuf                           0x000035c7   Thumb Code    14  usbhw.o(.text)
    USB_ReadEP                               0x000035d5   Thumb Code    98  usbhw.o(.text)
    USB_WriteEP                              0x00003637   Thumb Code   148  usbhw.o(.text)
    USB_DMA_Setup                            0x000036cb   Thumb Code   248  usbhw.o(.text)
    USB_DMA_Enable                           0x000037c3   Thumb Code    22  usbhw.o(.text)
    USB_DMA_Disable                          0x000037d9   Thumb Code    22  usbhw.o(.text)
    USB_DMA_Status                           0x000037ef   Thumb Code    76  usbhw.o(.text)
    USB_DMA_BufAdr                           0x0000383b   Thumb Code    30  usbhw.o(.text)
    USB_DMA_BufCnt                           0x00003859   Thumb Code    30  usbhw.o(.text)
    USB_GetFrame                             0x00003877   Thumb Code    30  usbhw.o(.text)
    USB_IRQHandler                           0x00003895   Thumb Code   576  usbhw.o(.text)
    __aeabi_uldivmod                         0x00003ad5   Thumb Code    98  uldiv.o(.text)
    __aeabi_uidiv                            0x00003b37   Thumb Code     0  uidiv.o(.text)
    __aeabi_uidivmod                         0x00003b37   Thumb Code    44  uidiv.o(.text)
    __aeabi_llsl                             0x00003b63   Thumb Code    30  llshl.o(.text)
    _ll_shift_l                              0x00003b63   Thumb Code     0  llshl.o(.text)
    __aeabi_llsr                             0x00003b81   Thumb Code    32  llushr.o(.text)
    _ll_ushift_r                             0x00003b81   Thumb Code     0  llushr.o(.text)
    __scatterload                            0x00003ba1   Thumb Code    28  init.o(.text)
    __scatterload_rt2                        0x00003ba1   Thumb Code     0  init.o(.text)
    USB_ReqGetDescriptor                     0x00003bc5   Thumb Code   164  usbcore.o(i.USB_ReqGetDescriptor)
    USB_ReqGetStatus                         0x00003c7d   Thumb Code   160  usbcore.o(i.USB_ReqGetStatus)
    USB_ReqSetClrFeature                     0x00003d3d   Thumb Code   210  usbcore.o(i.USB_ReqSetClrFeature)
    USB_ReqSetConfiguration                  0x00003e29   Thumb Code   402  usbcore.o(i.USB_ReqSetConfiguration)
    USB_ReqSetInterface                      0x00003fe1   Thumb Code   278  usbcore.o(i.USB_ReqSetInterface)
    __0sprintf$6                             0x00004111   Thumb Code    34  printf6.o(i.__0sprintf$6)
    __1sprintf$6                             0x00004111   Thumb Code     0  printf6.o(i.__0sprintf$6)
    __2sprintf                               0x00004111   Thumb Code     0  printf6.o(i.__0sprintf$6)
    __scatterload_copy                       0x00004139   Thumb Code    14  handlers.o(i.__scatterload_copy)
    __scatterload_zeroinit                   0x00004147   Thumb Code    14  handlers.o(i.__scatterload_zeroinit)
    Font_6x8_h                               0x00004496   Data         896  glcd_spi_lpc1700.o(.constdata)
    Font_16x24_h                             0x00004816   Data        5376  glcd_spi_lpc1700.o(.constdata)
    USB_P_EP                                 0x00035e1c   Data          64  usbuser.o(.constdata)
    USB_DeviceDescriptor                     0x00035e5c   Data          18  usbdesc.o(.constdata)
    USB_ConfigDescriptor                     0x00035e6e   Data         110  usbdesc.o(.constdata)
    USB_StringDescriptor                     0x00035edc   Data         100  usbdesc.o(.constdata)
    DDAdr                                    0x00035f40   Data           8  usbhw.o(.constdata)
    DDSz                                     0x00035f48   Data           8  usbhw.o(.constdata)
    Region$$Table$$Base                      0x00035fa0   Number         0  anon$$obj.o(Region$$Table)
    Region$$Table$$Limit                     0x00035fc0   Number         0  anon$$obj.o(Region$$Table)
    SystemCoreClock                          0x10000000   Data           4  system_lpc17xx.o(.data)
    SystemFrequency                          0x10000004   Data           4  system_lpc17xx.o(.data)
    ticks                                    0x10000010   Data           4  irq.o(.data)
    ClockLEDOn                               0x10000014   Data           1  irq.o(.data)
    ClockLEDOff                              0x10000015   Data           1  irq.o(.data)
    ClockANI                                 0x10000016   Data           1  irq.o(.data)
    counter                                  0x10000018   Data           4  irq.o(.data)
    positionX                                0x1000001c   Data           4  snake.o(.data)
    positionY                                0x10000020   Data           4  snake.o(.data)
    size                                     0x10000024   Data           4  snake.o(.data)
    direct                                   0x10000028   Data           4  snake.o(.data)
    directLast                               0x1000002c   Data           4  snake.o(.data)
    joystickValue                            0x10000030   Data           4  snake.o(.data)
    joystickLast                             0x10000034   Data           4  snake.o(.data)
    delx                                     0x10000038   Data           4  snake.o(.data)
    dely                                     0x1000003c   Data           4  snake.o(.data)
    speed                                    0x10000040   Data           4  snake.o(.data)
    foodX                                    0x10000044   Data           4  snake.o(.data)
    foodY                                    0x10000048   Data           4  snake.o(.data)
    collision                                0x1000004c   Data           4  snake.o(.data)
    score                                    0x10000050   Data           4  snake.o(.data)
    seed_counter                             0x10000054   Data           4  poker.o(.data)
    deckCount                                0x10000058   Data           4  poker.o(.data)
    suitNames                                0x1000005c   Data          16  poker.o(.data)
    rankNames                                0x1000006c   Data          52  poker.o(.data)
    VolCur                                   0x100000a0   Data           2  adcuser.o(.data)
    USB_DeviceStatus                         0x100000a4   Data           2  usbcore.o(.data)
    USB_DeviceAddress                        0x100000a6   Data           1  usbcore.o(.data)
    USB_Configuration                        0x100000a7   Data           1  usbcore.o(.data)
    USB_EndPointMask                         0x100000a8   Data           4  usbcore.o(.data)
    USB_EndPointHalt                         0x100000ac   Data           4  usbcore.o(.data)
    USB_EndPointStall                        0x100000b0   Data           4  usbcore.o(.data)
    USB_NumInterfaces                        0x100000b4   Data           1  usbcore.o(.data)
    USB_AltSetting                           0x100000b5   Data           4  usbcore.o(.data)
    EP0Data                                  0x100000bc   Data           8  usbcore.o(.data)
    SetupPacket                              0x100000c4   Data           8  usbcore.o(.data)
    Mute                                     0x100000cc   Data           1  usbdmain.o(.data)
    Volume                                   0x100000d0   Data           4  usbdmain.o(.data)
    rep                                      0x100000d4   Data           4  usbdmain.o(.data)
    InfoBuf                                  0x100000d8   Data           4  usbdmain.o(.data)
    DataBuf                                  0x100000dc   Data           4  usbdmain.o(.data)
    DataOut                                  0x100000e0   Data           2  usbdmain.o(.data)
    DataIn                                   0x100000e2   Data           2  usbdmain.o(.data)
    DataRun                                  0x100000e4   Data           1  usbdmain.o(.data)
    PotVal                                   0x100000e6   Data           2  usbdmain.o(.data)
    VUM                                      0x100000e8   Data           4  usbdmain.o(.data)
    Tick                                     0x100000ec   Data           4  usbdmain.o(.data)
    DDMemMap                                 0x100000f0   Data           8  usbhw.o(.data)
    str                                      0x100000fc   Data          20  snake.o(.bss)
    str1                                     0x10000110   Data          20  snake.o(.bss)
    str2                                     0x10000124   Data          20  snake.o(.bss)
    str3                                     0x10000138   Data          20  snake.o(.bss)
    snake                                    0x1000014c   Data         800  snake.o(.bss)
    buffer                                   0x1000046c   Data          50  poker.o(.bss)
    EP0Buf                                   0x1000049e   Data          64  usbcore.o(.bss)
    udca                                     0x100004e0   Data         128  usbhw.o(.bss)
    UDCA                                     0x10000960   Data         128  usbhw.o(USB_RAM)
    __initial_sp                             0x10000960   Data           0  startup_lpc17xx.o(STACK)
    DD_NISO_Mem                              0x100009e0   Data         256  usbhw.o(USB_RAM)
    DD_ISO_Mem                               0x10000ae0   Data         160  usbhw.o(USB_RAM)



==============================================================================

Memory Map of the image

  Image Entry point : 0x000000cd

  Load Region LR_IROM1 (Base: 0x00000000, Size: 0x000360bc, Max: 0x00080000, ABSOLUTE)

    Execution Region ER_IROM1 (Exec base: 0x00000000, Load base: 0x00000000, Size: 0x00035fc0, Max: 0x00080000, ABSOLUTE)

    Exec Addr    Load Addr    Size         Type   Attr      Idx    E Section Name        Object

    0x00000000   0x00000000   0x000000cc   Data   RO            3    RESET               startup_lpc17xx.o
    0x000000cc   0x000000cc   0x00000000   Code   RO          487  * .ARM.Collect$$$$00000000  mc_w.l(entry.o)
    0x000000cc   0x000000cc   0x00000004   Code   RO          756    .ARM.Collect$$$$00000001  mc_w.l(entry2.o)
    0x000000d0   0x000000d0   0x00000004   Code   RO          759    .ARM.Collect$$$$00000004  mc_w.l(entry5.o)
    0x000000d4   0x000000d4   0x00000000   Code   RO          761    .ARM.Collect$$$$00000008  mc_w.l(entry7b.o)
    0x000000d4   0x000000d4   0x00000000   Code   RO          763    .ARM.Collect$$$$0000000A  mc_w.l(entry8b.o)
    0x000000d4   0x000000d4   0x00000008   Code   RO          764    .ARM.Collect$$$$0000000B  mc_w.l(entry9a.o)
    0x000000dc   0x000000dc   0x00000000   Code   RO          766    .ARM.Collect$$$$0000000D  mc_w.l(entry10a.o)
    0x000000dc   0x000000dc   0x00000000   Code   RO          768    .ARM.Collect$$$$0000000F  mc_w.l(entry11a.o)
    0x000000dc   0x000000dc   0x00000004   Code   RO          757    .ARM.Collect$$$$00002712  mc_w.l(entry2.o)
    0x000000e0   0x000000e0   0x00000024   Code   RO            5    .text               startup_lpc17xx.o
    0x00000104   0x00000104   0x0000008c   Code   RO          114    .text               irq.o
    0x00000190   0x00000190   0x0000005c   Code   RO          175    .text               kbd.o
    0x000001ec   0x000001ec   0x000000e0   Code   RO          275    .text               usbuser.o
    0x000002cc   0x000002cc   0x00000024   Code   RO          492    .text               mc_w.l(rand.o)
    0x000002f0   0x000002f0   0x00000002   Code   RO          801    i.__scatterload_null  mc_w.l(handlers.o)
    0x000002f2   0x000002f2   0x0000000a   Code   RO          661    i._sputc            mc_w.l(printf6.o)
    0x000002fc   0x000002fc   0x00000004   Code   RO            4    .ARM.__at_0x02FC    startup_lpc17xx.o
    0x00000300   0x00000300   0x00000428   Code   RO           16    .text               system_lpc17xx.o
    0x00000728   0x00000728   0x00000bec   Code   RO           69    .text               glcd_spi_lpc1700.o
    0x00001314   0x00001314   0x000002fc   Code   RO          126    .text               blinky.o
    0x00001610   0x00001610   0x00000890   Code   RO          212    .text               snake.o
    0x00001ea0   0x00001ea0   0x00000a84   Code   RO          243    .text               poker.o
    0x00002924   0x00002924   0x000000e8   Code   RO          313    .text               adcuser.o
    0x00002a0c   0x00002a0c   0x000003dc   Code   RO          349    .text               usbcore.o
    0x00002de8   0x00002de8   0x00000464   Code   RO          427    .text               usbdmain.o
    0x0000324c   0x0000324c   0x00000888   Code   RO          463    .text               usbhw.o
    0x00003ad4   0x00003ad4   0x00000062   Code   RO          490    .text               mc_w.l(uldiv.o)
    0x00003b36   0x00003b36   0x0000002c   Code   RO          773    .text               mc_w.l(uidiv.o)
    0x00003b62   0x00003b62   0x0000001e   Code   RO          775    .text               mc_w.l(llshl.o)
    0x00003b80   0x00003b80   0x00000020   Code   RO          777    .text               mc_w.l(llushr.o)
    0x00003ba0   0x00003ba0   0x00000024   Code   RO          790    .text               mc_w.l(init.o)
    0x00003bc4   0x00003bc4   0x000000b8   Code   RO          374    i.USB_ReqGetDescriptor  usbcore.o
    0x00003c7c   0x00003c7c   0x000000c0   Code   RO          362    i.USB_ReqGetStatus  usbcore.o
    0x00003d3c   0x00003d3c   0x000000ec   Code   RO          368    i.USB_ReqSetClrFeature  usbcore.o
    0x00003e28   0x00003e28   0x000001b8   Code   RO          380    i.USB_ReqSetConfiguration  usbcore.o
    0x00003fe0   0x00003fe0   0x00000130   Code   RO          386    i.USB_ReqSetInterface  usbcore.o
    0x00004110   0x00004110   0x00000028   Code   RO          652    i.__0sprintf$6      mc_w.l(printf6.o)
    0x00004138   0x00004138   0x0000000e   Code   RO          800    i.__scatterload_copy  mc_w.l(handlers.o)
    0x00004146   0x00004146   0x0000000e   Code   RO          802    i.__scatterload_zeroinit  mc_w.l(handlers.o)
    0x00004154   0x00004154   0x000002f0   Code   RO          657    i._printf_core      mc_w.l(printf6.o)
    0x00004444   0x00004444   0x00000024   Code   RO          658    i._printf_post_padding  mc_w.l(printf6.o)
    0x00004468   0x00004468   0x0000002e   Code   RO          659    i._printf_pre_padding  mc_w.l(printf6.o)
    0x00004496   0x00004496   0x00001880   Data   RO           70    .constdata          glcd_spi_lpc1700.o
    0x00005d16   0x00005d16   0x00030106   Data   RO          127    .constdata          blinky.o
    0x00035e1c   0x00035e1c   0x00000040   Data   RO          276    .constdata          usbuser.o
    0x00035e5c   0x00035e5c   0x000000e4   Data   RO          415    .constdata          usbdesc.o
    0x00035f40   0x00035f40   0x00000010   Data   RO          465    .constdata          usbhw.o
    0x00035f50   0x00035f50   0x0000004e   Data   RO          245    .conststring        poker.o
    0x00035f9e   0x00035f9e   0x00000002   PAD
    0x00035fa0   0x00035fa0   0x00000020   Data   RO          798    Region$$Table       anon$$obj.o


    Execution Region RW_IRAM1 (Exec base: 0x10000000, Load base: 0x00035fc0, Size: 0x00000b80, Max: 0x00008000, ABSOLUTE)

    Exec Addr    Load Addr    Size         Type   Attr      Idx    E Section Name        Object

    0x10000000   0x00035fc0   0x00000008   Data   RW           17    .data               system_lpc17xx.o
    0x10000008   0x00035fc8   0x00000005   Data   RW           71    .data               glcd_spi_lpc1700.o
    0x1000000d   0x00035fcd   0x00000003   PAD
    0x10000010   0x00035fd0   0x0000000c   Data   RW          115    .data               irq.o
    0x1000001c   0x00035fdc   0x00000038   Data   RW          214    .data               snake.o
    0x10000054   0x00036014   0x0000004c   Data   RW          246    .data               poker.o
    0x100000a0   0x00036060   0x00000002   Data   RW          315    .data               adcuser.o
    0x100000a2   0x00036062   0x00000002   PAD
    0x100000a4   0x00036064   0x00000028   Data   RW          351    .data               usbcore.o
    0x100000cc   0x0003608c   0x00000024   Data   RW          428    .data               usbdmain.o
    0x100000f0   0x000360b0   0x00000008   Data   RW          466    .data               usbhw.o
    0x100000f8   0x000360b8   0x00000004   Data   RW          493    .data               mc_w.l(rand.o)
    0x100000fc        -       0x00000370   Zero   RW          213    .bss                snake.o
    0x1000046c        -       0x00000032   Zero   RW          244    .bss                poker.o
    0x1000049e        -       0x00000040   Zero   RW          350    .bss                usbcore.o
    0x100004de   0x000360bc   0x00000002   PAD
    0x100004e0        -       0x00000080   Zero   RW          464    .bss                usbhw.o
    0x10000560        -       0x00000400   Zero   RW            1    STACK               startup_lpc17xx.o
    0x10000960        -       0x00000220   Zero   RW          467    USB_RAM             usbhw.o


    Execution Region RW_IRAM2 (Exec base: 0x2007c000, Load base: 0x000360bc, Size: 0x00000000, Max: 0x00002000, ABSOLUTE)

    **** No section assigned to this execution region ****


==============================================================================

Image component sizes


      Code (inc. data)   RO Data    RW Data    ZI Data      Debug   Object Name

       232         16          0          2          0       1664   adcuser.o
       764        196     196870          0          0       3917   blinky.o
      3052         54       6272          5          0       9433   glcd_spi_lpc1700.o
       140         22          0         12          0        806   irq.o
        92         18          0          0          0        754   kbd.o
      2692        342         78         76         50       8811   poker.o
      2192        214          0         56        880       4266   snake.o
        40         12        204          0       1024        968   startup_lpc17xx.o
      1064         42          0          8          0       5767   system_lpc17xx.o
      2344        206          0         40         64       8403   usbcore.o
         0          0        228          0          0        673   usbdesc.o
      1124        128          0         36          0      22599   usbdmain.o
      2184        140         16          8        672      13471   usbhw.o
       224         22         64          0          0       8927   usbuser.o

    ----------------------------------------------------------------------
     16144       1412     203766        248       2692      90459   Object Totals
         0          0         32          0          0          0   (incl. Generated)
         0          0          2          5          2          0   (incl. Padding)

    ----------------------------------------------------------------------

      Code (inc. data)   RO Data    RW Data    ZI Data      Debug   Library Member Name

         0          0          0          0          0          0   entry.o
         0          0          0          0          0          0   entry10a.o
         0          0          0          0          0          0   entry11a.o
         8          4          0          0          0          0   entry2.o
         4          0          0          0          0          0   entry5.o
         0          0          0          0          0          0   entry7b.o
         0          0          0          0          0          0   entry8b.o
         8          4          0          0          0          0   entry9a.o
        30          0          0          0          0          0   handlers.o
        36          8          0          0          0         68   init.o
        30          0          0          0          0         68   llshl.o
        32          0          0          0          0         68   llushr.o
       884         10          0          0          0        420   printf6.o
        36         10          0          4          0        136   rand.o
        44          0          0          0          0         80   uidiv.o
        98          0          0          0          0         92   uldiv.o

    ----------------------------------------------------------------------
      1210         36          0          4          0        932   Library Totals
         0          0          0          0          0          0   (incl. Padding)

    ----------------------------------------------------------------------

      Code (inc. data)   RO Data    RW Data    ZI Data      Debug   Library Name

      1210         36          0          4          0        932   mc_w.l

    ----------------------------------------------------------------------
      1210         36          0          4          0        932   Library Totals

    ----------------------------------------------------------------------

==============================================================================


      Code (inc. data)   RO Data    RW Data    ZI Data      Debug   

     17354       1448     203766        252       2692      89827   Grand Totals
     17354       1448     203766        252       2692      89827   ELF Image Totals
     17354       1448     203766        252          0          0   ROM Totals

==============================================================================

    Total RO  Size (Code + RO Data)               221120 ( 215.94kB)
    Total RW  Size (RW Data + ZI Data)              2944 (   2.88kB)
    Total ROM Size (Code + RO Data + RW Data)     221372 ( 216.18kB)

==============================================================================

