<html>
<body>
<pre>
<h1>µVision Build Log</h1>
<h2>Tool Versions:</h2>
IDE-Version: µVision V5.31.0.0
Copyright (C) 2020 ARM Ltd and ARM Germany GmbH. All rights reserved.
License Information: ECBME Dept. Ryerson University Flex license: MDK Professional 5.31 (Flex): 200 user(s) (mdk_pro) Operation stops: 4 Jul 2027
 
Tool Versions:
Toolchain:       MDK Professional 5.31 (Flex): 200 user(s)  Version: 5.31.0.0
Toolchain Path:  C:\Keil_v5\ARM\ARMCC\Bin
C Compiler:      Armcc.exe V5.06 update 6 (build 750)
Assembler:       Armasm.exe V5.06 update 6 (build 750)
Linker/Locator:  ArmLink.exe V5.06 update 6 (build 750)
Library Manager: ArmAr.exe V5.06 update 6 (build 750)
Hex Converter:   FromElf.exe V5.06 update 6 (build 750)
CPU DLL:         SARMCM3.DLL V5.31.0.0
Dialog DLL:      DARMP1.DLL V1.27.0.0
Target DLL:      UL2CM3.DLL V1.163.4.0
Dialog DLL:      TARMP1.DLL V1.26.0.0
 
<h2>Project:</h2>
S:\COE718\Project_UPDATED\MCB1700-master\Blinky.uvprojx
Project File Date:  11/18/2025

<h2>Output:</h2>
*** Using Compiler 'V5.06 update 6 (build 750)', folder: 'C:\Keil_v5\ARM\ARMCC\Bin'
Rebuild target 'LPC1768 Flash'
assembling startup_LPC17xx.s...
compiling system_LPC17xx.c...
compiling GLCD_SPI_LPC1700.c...
GLCD_SPI_LPC1700.c(826): warning:  #177-D: variable "x"  was declared but never referenced
        int x=0;
GLCD_SPI_LPC1700.c(827): warning:  #177-D: variable "y"  was declared but never referenced
        int y=0;
GLCD_SPI_LPC1700.c(863): warning:  #68-D: integer conversion resulted in a change of sign
    for (i = (h-1)*w + (y_offset*w); i > -1 + (y_offset*w) ; i -= w) 
GLCD_SPI_LPC1700.c: 3 warnings, 0 errors
compiling IRQ.c...
compiling Blinky.c...
KBD.h(14): warning:  #1-D: last line of file ends without a newline
  #endif
snake.h(4): warning:  #1295-D: Deprecated declaration snakegame - give arg types
  extern int snakegame();
snake.h(5): warning:  #1295-D: Deprecated declaration delay - give arg types
  extern void delay();
snake.h(7): warning:  #1-D: last line of file ends without a newline
  #endif
poker.h(4): warning:  #1295-D: Deprecated declaration pokergame - give arg types
  extern int pokergame();
poker.h(6): warning:  #1-D: last line of file ends without a newline
  #endif
Blinky.c: 6 warnings, 0 errors
compiling KBD.c...
KBD.h(14): warning:  #1-D: last line of file ends without a newline
  #endif
KBD.c(54): warning:  #1-D: last line of file ends without a newline
  }
KBD.c: 2 warnings, 0 errors
compiling snake.c...
KBD.h(14): warning:  #1-D: last line of file ends without a newline
  #endif
snake.c(359): warning:  #1-D: last line of file ends without a newline
  }
snake.c(274): warning:  #177-D: variable "joy_difficulty"  was declared but never referenced
        int joy_difficulty, joy_try;
snake.c: 3 warnings, 0 errors
compiling poker.c...
KBD.h(14): warning:  #1-D: last line of file ends without a newline
  #endif
poker.c(72): warning:  #940-D: missing return statement at end of non-void function "mergeCards" 
  }
poker.c(379): warning:  #177-D: variable "result"  was declared but never referenced
                                int result;
poker.c(384): warning:  #177-D: variable "deckCount"  was declared but never referenced
          int deckCount = 51;
poker.c(576): warning:  #1-D: last line of file ends without a newline
  }
poker.c: 5 warnings, 0 errors
compiling usbuser.c...
compiling adcuser.c...
compiling core_cm3.c...
compiling usbcore.c...
compiling usbdesc.c...
compiling usbdmain.c...
audio\kbd.h(13): warning:  #1-D: last line of file ends without a newline
  #endif
audio\usbdmain.c(241): warning:  #940-D: missing return statement at end of non-void function "audio_main" 
  }
audio\usbdmain.c: 2 warnings, 0 errors
compiling usbhw.c...
linking...
Program Size: Code=17354 RO-data=203766 RW-data=252 ZI-data=2692  
".\Flash\Blinky.axf" - 0 Error(s), 21 Warning(s).

<h2>Software Packages used:</h2>

Package Vendor: ARM
                http://www.keil.com/pack/ARM.CMSIS.5.7.0.pack
                ARM.CMSIS.5.7.0
                CMSIS (Cortex Microcontroller Software Interface Standard)
   * Component: CORE Version: 5.4.0

Package Vendor: Keil
                http://www.keil.com/pack/Keil.LPC1700_DFP.2.6.0.pack
                Keil.LPC1700_DFP.2.6.0
                NXP LPC1700 Series Device Support, Drivers and Examples for MCB1700 and LPC1788-32

<h2>Collection of Component include folders:</h2>
  .\RTE\_LPC1768_Flash
  C:\Users\ECBME\AppData\Local\Arm\Packs\ARM\CMSIS\5.7.0\CMSIS\Core\Include
  C:\Users\ECBME\AppData\Local\Arm\Packs\Keil\LPC1700_DFP\2.6.0\Device\Include

<h2>Collection of Component Files used:</h2>

   * Component: ARM::CMSIS:CORE:5.4.0
Build Time Elapsed:  00:00:07
</pre>
</body>
</html>
